exports[`Containers :: ShareExtendState should render self and subcomponents 1`] = `
<TestComponent
  extended={false}
  getChildrenCount={[Function]}
  onExtend={[Function]} />
`;
