exports[`Components :: Header should render self and subcomponents 1`] = `
<header
  className="my-header-component">
  <h1
    className="title">
    Todo
  </h1>
  <div
    className="testClass" />
</header>
`;
