exports[`Components :: NotFoundPage should render self 1`] = `
<div>
  <h1>
    Task not found
  </h1>
  <button
    onClick={[Function]}>
    Main page
  </button>
</div>
`;
